
===== 2026-08-02 15:39:46 =====
Адрес страницы: kak-polzovatsya-anchorvaultcoin-poshagovaya.html
  картинка: kak-polzovatsya-anchorvaultcoin-poshagovaya.jpg, 230 КБ
[ru] сохранено: 2026-08-02-kak-polzovatsya-anchorvaultcoin-poshagovaya.md
[en] перевожу заголовок...
[en] перевожу описание...
[en] перевожу текст...
[en] сохранено: kak-polzovatsya-anchorvaultcoin-poshagovaya-en.md
[zh] перевожу заголовок...
[zh] перевожу описание...
[zh] перевожу текст...
[zh] сохранено: kak-polzovatsya-anchorvaultcoin-poshagovaya-zh.md
Собираю сайт...
собрано: otravlenie-adresa.html
собрано: poddelnoe-prilozhenie-koshelka-kak-moshenniki.html
собрано: propala-kripta-bez-krazhi-sid-frazy-chto-takoe.html
собрано: ukrali-sid-frazu-chto-proishodit-dalshe-i-pochemu.html
собрано: krah-multipodpisi-pochemu-2026-god-stal-godom.html
собрано: multipodpis-ne-spasla-kak-36-millionov-utekli-iz.html
собрано: tvoy-koshelek-uzhe-vzlomali-ty-prosto-esche-ne.html
собрано: kak-polzovatsya-anchorvaultcoin-poshagovaya.html
собрано: kak-polzovatsya-anchorvaultcoin-poshagovaya-en.html
собрано: kak-polzovatsya-anchorvaultcoin-poshagovaya-zh.html
собрано: krah-multipodpisi-pochemu-2026-god-stal-godom-en.html
собрано: krah-multipodpisi-pochemu-2026-god-stal-godom-zh.html
собрано: multisig-didnt-save-them-how-36-million-leaked-from-a-single.html
собрано: 3600.html
собрано: otravlenie-adresa-en.html
собрано: otravlenie-adresa-zh.html
собрано: poddelnoe-prilozhenie-koshelka-kak-moshenniki-en.html
собрано: poddelnoe-prilozhenie-koshelka-kak-moshenniki-zh.html
собрано: propala-kripta-bez-krazhi-sid-frazy-chto-takoe-en.html
собрано: propala-kripta-bez-krazhi-sid-frazy-chto-takoe-zh.html
собрано: tvoy-koshelek-uzhe-vzlomali-ty-prosto-esche-ne-en.html
собрано: tvoy-koshelek-uzhe-vzlomali-ty-prosto-esche-ne-zh.html
собрано: ukrali-sid-frazu-chto-proishodit-dalshe-i-pochemu-en.html
собрано: ukrali-sid-frazu-chto-proishodit-dalshe-i-pochemu-zh.html

Готово. Статей: 24. Обновлены index.html, rss.xml, sitemap.xml, robots.txt
Коммичу и пушу...
Опубликовано: https://anchorvaultcoin-hash.github.io/anchor-vault-blog/kak-polzovatsya-anchorvaultcoin-poshagovaya.html
